Filters: [p5]
Randomness seeded to: 3008185363

~~~~~~~~~~~~~~~~~~~~~~~~~~~~~~~~~~~~~~~~~~~~~~~~~~~~~~~~~~~~~~~~~~~~~~~~~~~~~~~
sa_tests.exe is a Catch2 v3.7.1 host application.
Run with -? for options

-------------------------------------------------------------------------------
P5 OpenListDriver full chain against mock server
-------------------------------------------------------------------------------
D:\Program Files\Steam\steamapps\common\StudentAge\editor\native\wip\P5\test_p5_cloud.cpp(723)
...............................................................................

D:\Program Files\Steam\steamapps\common\StudentAge\editor\native\wip\P5\test_p5_cloud.cpp(848): FAILED:
  CHECK( objs[0].mtime == kEpoch2026Sep01_0830 )
with expansion:
  0 == 1788251400 (0x6a968d08)

D:\Program Files\Steam\steamapps\common\StudentAge\editor\native\wip\P5\test_p5_cloud.cpp(848): FAILED:
  {Unknown expression after the reported line}
due to unexpected exception with message:
  URLError: <urlopen error WinHttpSendRequest: WinHTTP error 183 (0x000000b7)>

-------------------------------------------------------------------------------
P5 cloud routes: test/sync/file/list/local_files mappings
-------------------------------------------------------------------------------
D:\Program Files\Steam\steamapps\common\StudentAge\editor\native\wip\P5\test_p5_cloud.cpp(1393)
...............................................................................

D:\Program Files\Steam\steamapps\common\StudentAge\editor\native\wip\P5\test_p5_cloud.cpp(1447): FAILED:
  REQUIRE( f2.status == 404 )
with expansion:
  400 (0x190) == 404 (0x194)

===============================================================================
test cases:  28 |  26 passed | 2 failed
assertions: 421 | 418 passed | 3 failed

