Filters: [p5]
Randomness seeded to: 312775457

~~~~~~~~~~~~~~~~~~~~~~~~~~~~~~~~~~~~~~~~~~~~~~~~~~~~~~~~~~~~~~~~~~~~~~~~~~~~~~~
sa_tests.exe is a Catch2 v3.7.1 host application.
Run with -? for options

-------------------------------------------------------------------------------
P5 need_sync decision table (sha1+mtime, lazy sha)
-------------------------------------------------------------------------------
D:\Program Files\Steam\steamapps\common\StudentAge\editor\native\wip\P5\test_p5_cloud.cpp(283)
...............................................................................

D:\Program Files\Steam\steamapps\common\StudentAge\editor\native\wip\P5\test_p5_cloud.cpp(300): FAILED:
  CHECK( need_sync(5, 100, "", 5, 100, "0000", "") )
with expansion:
  false

-------------------------------------------------------------------------------
P5 remote_path_for builds <root>/<mod>/<rel>
-------------------------------------------------------------------------------
D:\Program Files\Steam\steamapps\common\StudentAge\editor\native\wip\P5\test_p5_cloud.cpp(303)
...............................................................................

D:\Program Files\Steam\steamapps\common\StudentAge\editor\native\wip\P5\test_p5_cloud.cpp(308): FAILED:
  CHECK( remote_path_for(prov, "demo", "Cfgs/a.json") == "mods/v2/demo/Cfgs/a.json" )
with expansion:
  "mods/v2//demo/Cfgs/a.json"
  ==
  "mods/v2/demo/Cfgs/a.json"

D:\Program Files\Steam\steamapps\common\StudentAge\editor\native\wip\P5\test_p5_cloud.cpp(309): FAILED:
  CHECK( remote_path_for(prov, "demo", "") == "mods/v2/demo" )
with expansion:
  "mods/v2//demo" == "mods/v2/demo"

D:\Program Files\Steam\steamapps\common\StudentAge\editor\native\wip\P5\test_p5_cloud.cpp(310): FAILED:
  CHECK( remote_path_for(prov, "", "") == "mods/v2" )
with expansion:
  "mods/v2/" == "mods/v2"

-------------------------------------------------------------------------------
P5 WebDAVDriver full chain against mock server
-------------------------------------------------------------------------------
D:\Program Files\Steam\steamapps\common\StudentAge\editor\native\wip\P5\test_p5_cloud.cpp(496)
...............................................................................

D:\Program Files\Steam\steamapps\common\StudentAge\editor\native\wip\P5\test_p5_cloud.cpp(496): FAILED:
  {Unknown expression after the reported line}
due to unexpected exception with message:
  ValueError: webdav test failed: 400

-------------------------------------------------------------------------------
P5 OpenListDriver full chain against mock server
-------------------------------------------------------------------------------
D:\Program Files\Steam\steamapps\common\StudentAge\editor\native\wip\P5\test_p5_cloud.cpp(720)
...............................................................................

D:\Program Files\Steam\steamapps\common\StudentAge\editor\native\wip\P5\test_p5_cloud.cpp(829): FAILED:
  CHECK( saw_auth )
with expansion:
  false

D:\Program Files\Steam\steamapps\common\StudentAge\editor\native\wip\P5\test_p5_cloud.cpp(829): FAILED:
  {Unknown expression after the reported line}
due to unexpected exception with message:
  ValueError: openlist api /api/fs/list failed: 400 b''

-------------------------------------------------------------------------------
P5 providers CRUD via files: order, dedupe, masked-write, fallback path
-------------------------------------------------------------------------------
D:\Program Files\Steam\steamapps\common\StudentAge\editor\native\wip\P5\test_p5_cloud.cpp(959)
...............................................................................

D:\Program Files\Steam\steamapps\common\StudentAge\editor\native\wip\P5\test_p5_cloud.cpp(976): FAILED:
  CHECK( e1["remote_root"] == "mods" )
with expansion:
  "mods/" == "mods"

D:\Program Files\Steam\steamapps\common\StudentAge\editor\native\wip\P5\test_p5_cloud.cpp(1018): FAILED:
  CHECK( (*sa::cloud::get_provider("pFixed"))["remote_root"] == "r2" )
with expansion:
  "r2/" == "r2"

-------------------------------------------------------------------------------
P5 sync_mod_folder upload/dry-run/delete-extra/empty flows
-------------------------------------------------------------------------------
D:\Program Files\Steam\steamapps\common\StudentAge\editor\native\wip\P5\test_p5_cloud.cpp(1224)
...............................................................................

D:\Program Files\Steam\steamapps\common\StudentAge\editor\native\wip\P5\test_p5_cloud.cpp(1303): FAILED:
  CHECK( hist[0]["direction"] == "folder_upload" )
with expansion:
  "folder_download" == "folder_upload"

-------------------------------------------------------------------------------
P5 cloud routes: test/sync/file/list/local_files mappings
-------------------------------------------------------------------------------
D:\Program Files\Steam\steamapps\common\StudentAge\editor\native\wip\P5\test_p5_cloud.cpp(1389)
...............................................................................

D:\Program Files\Steam\steamapps\common\StudentAge\editor\native\wip\P5\test_p5_cloud.cpp(1422): FAILED:
  REQUIRE( s3.status == 200 )
with expansion:
  400 (0x190) == 200

-------------------------------------------------------------------------------
P5 rt defaults + config file location (workspace then _cache)
-------------------------------------------------------------------------------
D:\Program Files\Steam\steamapps\common\StudentAge\editor\native\wip\P5\test_p5_realtime.cpp(135)
...............................................................................

D:\Program Files\Steam\steamapps\common\StudentAge\editor\native\wip\P5\test_p5_realtime.cpp(164): FAILED:
  CHECK( sa::realtime::rt_config_path() == P(fx.root() / "data" / "_cache" / "realtime_config.json") )
due to unexpected exception with message:
  resource deadlock would occur: resource deadlock would occur

-------------------------------------------------------------------------------
P5 rt config clamp chain (load + update)
-------------------------------------------------------------------------------
D:\Program Files\Steam\steamapps\common\StudentAge\editor\native\wip\P5\test_p5_realtime.cpp(169)
...............................................................................

D:\Program Files\Steam\steamapps\common\StudentAge\editor\native\wip\P5\test_p5_realtime.cpp(196): FAILED:
  CHECK( cfg["debounce_ms"] == 15000 )
with expansion:
  2000 == 15000 (0x3a98)

D:\Program Files\Steam\steamapps\common\StudentAge\editor\native\wip\P5\test_p5_realtime.cpp(197): FAILED:
  CHECK( cfg["poll_interval_ms"] == 1500 )
with expansion:
  2000 == 1500 (0x5dc)

D:\Program Files\Steam\steamapps\common\StudentAge\editor\native\wip\P5\test_p5_realtime.cpp(198): FAILED:
  CHECK( cfg["remote_poll_interval_ms"] == 5000 )
with expansion:
  30000 == 5000 (0x1388)

D:\Program Files\Steam\steamapps\common\StudentAge\editor\native\wip\P5\test_p5_realtime.cpp(199): FAILED:
  CHECK( cfg["enabled"] == true )
with expansion:
  false == true

-------------------------------------------------------------------------------
P5 detect_changes sets, temp-file filtering, sorted output
-------------------------------------------------------------------------------
D:\Program Files\Steam\steamapps\common\StudentAge\editor\native\wip\P5\test_p5_realtime.cpp(304)
...............................................................................

D:\Program Files\Steam\steamapps\common\StudentAge\editor\native\wip\P5\test_p5_realtime.cpp(325): FAILED:
  CHECK( d.added == std::vector<std::string>{"new.json"} )
with expansion:
  { "keep.hidden.json", "new.json" }
  ==
  { "new.json" }

D:\Program Files\Steam\steamapps\common\StudentAge\editor\native\wip\P5\test_p5_realtime.cpp(328): FAILED:
  CHECK( d.changed == std::vector<std::string>{"b.json", "new.json"} )
with expansion:
  { "b.json", "keep.hidden.json", "new.json" }
  ==
  { "b.json", "new.json" }

-------------------------------------------------------------------------------
P5 ambig sha baseline: same-second equal-size edits (parity test_realtime_sync)
-------------------------------------------------------------------------------
D:\Program Files\Steam\steamapps\common\StudentAge\editor\native\wip\P5\test_p5_realtime.cpp(345)
...............................................................................

D:\Program Files\Steam\steamapps\common\StudentAge\editor\native\wip\P5\test_p5_realtime.cpp(354): FAILED:
  CHECK( sa::realtime::ambig_content_changed("m1", "Cfgs/TalkCfg.json") )
with expansion:
  false

D:\Program Files\Steam\steamapps\common\StudentAge\editor\native\wip\P5\test_p5_realtime.cpp(356): FAILED:
  CHECK( sa::realtime::ambig_content_changed("m1", "Cfgs/TalkCfg.json") )
with expansion:
  false

D:\Program Files\Steam\steamapps\common\StudentAge\editor\native\wip\P5\test_p5_realtime.cpp(368): FAILED:
  REQUIRE( d1.changed.size() == 1 )
with expansion:
  0 == 1

===============================================================================
test cases:  28 |  17 passed | 11 failed
assertions: 357 | 336 passed | 21 failed

