Filters: [p5]
Randomness seeded to: 2782203677

~~~~~~~~~~~~~~~~~~~~~~~~~~~~~~~~~~~~~~~~~~~~~~~~~~~~~~~~~~~~~~~~~~~~~~~~~~~~~~~
sa_tests.exe is a Catch2 v3.7.1 host application.
Run with -? for options

-------------------------------------------------------------------------------
P5 OpenListDriver full chain against mock server
-------------------------------------------------------------------------------
D:\Program Files\Steam\steamapps\common\StudentAge\editor\native\wip\P5\test_p5_cloud.cpp(723)
...............................................................................

D:\Program Files\Steam\steamapps\common\StudentAge\editor\native\wip\P5\test_p5_cloud.cpp(936): FAILED:
  CHECK( env_at("/badjson", "list").find("openlist invalid json: Expecting value") == 0 )
with expansion:
  12 == 0

-------------------------------------------------------------------------------
P5 cloud routes: test/sync/file/list/local_files mappings
-------------------------------------------------------------------------------
D:\Program Files\Steam\steamapps\common\StudentAge\editor\native\wip\P5\test_p5_cloud.cpp(1396)
...............................................................................

D:\Program Files\Steam\steamapps\common\StudentAge\editor\native\wip\P5\test_p5_cloud.cpp(1455): FAILED:
  REQUIRE( f3.status == 200 )
with expansion:
  400 (0x190) == 200

===============================================================================
test cases:  28 |  26 passed | 2 failed
assertions: 436 | 434 passed | 2 failed

